---
source: mirai-app/src/persistence.rs
expression: serialize_markdown(&md_sample())
---
# What is 2+2?

**Model:** Qwen/Qwen3-0.6B
**Created:** 2023-11-14 22:14 UTC
**Updated:** 2023-11-14 22:15 UTC
**Messages:** 2

---

## 👤 User - 2023-11-14 22:14 UTC

<!-- ID: msg-0 -->
<!-- START_CONTENT -->
What is 2+2?
<!-- END_CONTENT -->

---

## 🤖 Assistant (Qwen/Qwen3-0.6B) - 2023-11-14 22:14 UTC

<!-- ID: msg-1 -->
<!-- START_PERF -->
**TPS:** 43
**TokensOut:** 12
<!-- END_PERF -->
<!-- START_COT -->
The user asks a simple sum.
<!-- END_COT -->
<!-- START_CONTENT -->
**2 + 2** equals **4**.
<!-- END_CONTENT -->

---
