---
source: mirai-app/src/persistence.rs
expression: sample_chat()
---
{
  "id": "abc123",
  "title": "What is 2+2?",
  "model_name": "Qwen/Qwen3-0.6B",
  "model_id": null,
  "created_at": 1700000000000,
  "updated_at": 1700000005000,
  "messages": [
    {
      "role": "user",
      "text": "What is 2+2?",
      "reasoning": null,
      "tps": null,
      "tokens": null,
      "ttft": null,
      "total_time": null
    },
    {
      "role": "assistant",
      "text": "**2 + 2** equals **4**.",
      "reasoning": "The user asks a simple sum.",
      "tps": 42.5,
      "tokens": 12,
      "ttft": null,
      "total_time": null
    }
  ]
}
